#
# A fatal error has been detected by the Java Runtime Environment:
#
#  EXCEPTION_ACCESS_VIOLATION (0xc0000005) at pc=0x00007ff823f2c9c8, pid=18008, tid=26036
#
# JRE version: OpenJDK Runtime Environment Temurin-21.0.11+10 (21.0.11+10) (build 21.0.11+10-LTS)
# Java VM: OpenJDK 64-Bit Server VM Temurin-21.0.11+10 (21.0.11+10-LTS, mixed mode, sharing, tiered, compressed oops, compressed class ptrs, parallel gc, windows-amd64)
# Problematic frame:
# V  [jvm.dll+0xc9c8]
#
# No core dump will be written. Minidumps are not enabled by default on client versions of Windows
#
# If you would like to submit a bug report, please visit:
#   https://github.com/adoptium/adoptium-support/issues
#

---------------  S U M M A R Y ------------

Command Line: --add-modules=ALL-SYSTEM --add-opens=java.base/java.util=ALL-UNNAMED --add-opens=java.base/java.lang=ALL-UNNAMED --add-opens=java.base/sun.nio.fs=ALL-UNNAMED -Declipse.application=org.eclipse.jdt.ls.core.id1 -Dosgi.bundles.defaultStartLevel=4 -Declipse.product=org.eclipse.jdt.ls.core.product -Djava.import.generatesMetadataFilesAtProjectRoot=false -DDetectVMInstallationsJob.disabled=true -Dfile.encoding=utf8 -XX:+UseParallelGC -XX:GCTimeRatio=4 -XX:AdaptiveSizePolicyWeight=90 -Dsun.zip.disableMemoryMapping=true -Xmx2G -Xms100m -Xlog:disable -javaagent:c:\Users\fleypH\.cursor\extensions\redhat.java-1.55.0-win32-x64\lombok\lombok-1.18.39-4050.jar -XX:+HeapDumpOnOutOfMemoryError -XX:HeapDumpPath=c:\Users\fleypH\AppData\Roaming\Cursor\User\workspaceStorage\477b96345430bbcc4e664d6077cfc926\redhat.java -Daether.dependencyCollector.impl=bf c:\Users\fleypH\.cursor\extensions\redhat.java-1.55.0-win32-x64\server\plugins\org.eclipse.equinox.launcher_1.7.200.v20260619-2039.jar -configuration c:\Users\fleypH\AppData\Roaming\Cursor\User\globalStorage\redhat.java\1.55.0\config_win -data c:\Users\fleypH\AppData\Roaming\Cursor\User\workspaceStorage\477b96345430bbcc4e664d6077cfc926\redhat.java\jdt_ws --pipe=\\.\pipe\lsp-be43b96fcb2d28dc1785d8d30dfd9105-sock

Host: Intel(R) Core(TM) i7-7500U CPU @ 2.70GHz, 4 cores, 7G,  Windows 10 , 64 bit Build 19041 (10.0.19041.5915)
Time: Fri Jul 10 15:20:27 2026 South Africa Standard Time elapsed time: 4181.764979 seconds (0d 1h 9m 41s)

---------------  T H R E A D  ---------------

Current thread (0x000001f5782c5e30):  WorkerThread "GC Thread#2"    [id=26036, stack(0x000000b15fd00000,0x000000b15fe00000) (1024K)]

Stack: [0x000000b15fd00000,0x000000b15fe00000],  sp=0x000000b15fdff8c8,  free space=1022k
Native frames: (J=compiled Java code, j=interpreted, Vv=VM code, C=native code)
V  [jvm.dll+0xc9c8]


siginfo: EXCEPTION_ACCESS_VIOLATION (0xc0000005), reading address 0x000001f529001a02


Registers:
RAX=0x0000000000000001, RBX=0x00000000828345e1, RCX=0x0000000000000000, RDX=0x00000000828345e1
RSP=0x000000b15fdff8c8, RBP=0x0000000082b609c0, RSI=0x000001f56fa3cfe0, RDI=0x0000000082b5fa28
R8 =0x000001f5290019fa, R9 =0x00000000000008ca, R10=0x0000000082d5ac50, R11=0x000000000000005a
R12=0x00007ff824b69250, R13=0x000000b15f1fecf0, R14=0x000001f56fa3d2a8, R15=0x0000000000000000
RIP=0x00007ff823f2c9c8, EFLAGS=0x0000000000010206

XMM[0]=0x000001f50000d000 0x0000000082b2c9b0
XMM[1]=0x0000000000000000 0x000000b160dff320
XMM[2]=0x0000000000000000 0x0000000000000000
XMM[3]=0x0000000000000000 0x0000000000000000
XMM[4]=0x0000000000000000 0x0000000000000000
XMM[5]=0x0000000000000000 0x0000000000000000
XMM[6]=0x000001f50000c800 0x0000000082b2c9b0
XMM[7]=0x0000000000000000 0x0000000000000000
XMM[8]=0x0000000000000000 0x0000000000000000
XMM[9]=0x0000000000000000 0x0000000000000000
XMM[10]=0x0000000000000000 0x0000000000000000
XMM[11]=0x0000000000000000 0x0000000000000000
XMM[12]=0x0000000000000000 0x0000000000000000
XMM[13]=0x0000000000000000 0x0000000000000000
XMM[14]=0x0000000000000000 0x0000000000000000
XMM[15]=0x0000000000000000 0x0000000000000000
  MXCSR=0x00001fa0


Register to memory mapping:

RAX=0x0000000000000001 is an unknown value
RBX=0x00000000828345e1 is pointing into object: java.util.HashMap$Node 
{0x00000000828345e0} - klass: 'java/util/HashMap$Node'
 - ---- fields (total size 4 words):
 - final 'hash' 'I' @12  -701314022 (0xd632cc1a)
 - final 'key' 'Ljava/lang/Object;' @16  "/modules/jdk.compiler/com/sun/source/tree/DoWhileLoopTree.class"{0x0000000082834600} (0x82834600)
 - 'value' 'Ljava/lang/Object;' @20  a 'jdk/internal/jimage/ImageReader$Resource'{0x0000000082834668} (0x82834668)
 - 'next' 'Ljava/util/HashMap$Node;' @24  null (0x00000000)
RCX=0x0 is null
RDX=0x00000000828345e1 is pointing into object: java.util.HashMap$Node 
{0x00000000828345e0} - klass: 'java/util/HashMap$Node'
 - ---- fields (total size 4 words):
 - final 'hash' 'I' @12  -701314022 (0xd632cc1a)
 - final 'key' 'Ljava/lang/Object;' @16  "/modules/jdk.compiler/com/sun/source/tree/DoWhileLoopTree.class"{0x0000000082834600} (0x82834600)
 - 'value' 'Ljava/lang/Object;' @20  a 'jdk/internal/jimage/ImageReader$Resource'{0x0000000082834668} (0x82834668)
 - 'next' 'Ljava/util/HashMap$Node;' @24  null (0x00000000)
RSP=0x000000b15fdff8c8 points into unknown readable memory: 0x00007ff82460447e | 7e 44 60 24 f8 7f 00 00
RBP=0x0000000082b609c0 is pointing into object: [Ljava.util.HashMap$Node; 
{0x0000000082b2c9b0} - klass: 'java/util/HashMap$Node'[]
 - length: 65536
RSI=0x000001f56fa3cfe0 points into unknown readable memory: 0x000001f56fc40180 | 80 01 c4 6f f5 01 00 00
RDI=0x0000000082b5fa28 is pointing into object: [Ljava.util.HashMap$Node; 
{0x0000000082b2c9b0} - klass: 'java/util/HashMap$Node'[]
 - length: 65536
R8 =0x000001f5290019fa is an unknown value
R9 =0x00000000000008ca is an unknown value
R10=0x0000000082d5ac50 is an oop: java.util.HashMap$Node 
{0x0000000082d5ac50} - klass: 'java/util/HashMap$Node'
 - ---- fields (total size 4 words):
 - final 'hash' 'I' @12  22727705 (0x015acc19)
 - final 'key' 'Ljava/lang/Object;' @16  "/modules/jdk.localedata/sun/util/resources/ext/LocaleNames_he.class"{0x0000000082d5ac70} (0x82d5ac70)
 - 'value' 'Ljava/lang/Object;' @20  a 'jdk/internal/jimage/ImageReader$Resource'{0x0000000082d5ace0} (0x82d5ace0)
 - 'next' 'Ljava/util/HashMap$Node;' @24  null (0x00000000)
R11=0x000000000000005a is an unknown value
R12=0x00007ff824b69250 jvm.dll
R13=0x000000b15f1fecf0 points into unknown readable memory: 0x00007ff8249bb010 | 10 b0 9b 24 f8 7f 00 00
R14=0x000001f56fa3d2a8 points into unknown readable memory: 0x0000000000000000 | 00 00 00 00 00 00 00 00
R15=0x0 is null

Top of Stack: (sp=0x000000b15fdff8c8)
0x000000b15fdff8c8:   00007ff82460447e 0000000082d5ac50   ~D`$....P.......
0x000000b15fdff8d8:   0000000082b5fa24 0000000082b2c9b0   $...............
0x000000b15fdff8e8:   000001f50000d000 00000000828345e1   .........E......
0x000000b15fdff8f8:   00007ff82462c49b 0000000000000000   ..b$............
0x000000b15fdff908:   000001f56fa3d2a8 00007ff824b69250   ...o....P..$....
0x000000b15fdff918:   000001f56fa3d328 0000000000000030   (..o....0.......
0x000000b15fdff928:   00007ff82462c794 000001f56fa3d3a8   ..b$.......o....
0x000000b15fdff938:   000001f56fa3cfe0 000001f56fa3d328   ...o....(..o....
0x000000b15fdff948:   000001f56fa3d3a8 0000000000000000   ...o............
0x000000b15fdff958:   0000000000000000 00007ff8249ba5b0   ...........$....
0x000000b15fdff968:   0000000000000000 000001f56fa3cfe0   ...........o....
0x000000b15fdff978:   0000000000000003 000000b15f1fee30   ........0.._....
0x000000b15fdff988:   00007ff8246337dd 0000000000000005   .7c$............
0x000000b15fdff998:   000000a500000030 0000000000000005   0...............
0x000000b15fdff9a8:   00007ff82462c66d 0000000082b2c9b0   m.b$............
0x000000b15fdff9b8:   00007ff800000800 000001f56fa3d2a8   ...........o....
0x000000b15fdff9c8:   0000000000000005 0000000000000000   ................
0x000000b15fdff9d8:   0000000000000000 000000b15f1fedf8   ..........._....
0x000000b15fdff9e8:   0000000000000020 000001f56fa3cfe0    ..........o....
0x000000b15fdff9f8:   0000000000000000 000001f56fc4ebc0   ...........o....
0x000000b15fdffa08:   00007ff82463461c 0000000000000005   .Fc$............
0x000000b15fdffa18:   0000000000000001 0000000000000000   ................
0x000000b15fdffa28:   000000b15f1ff508 000000b100000003   ..._............
0x000000b15fdffa38:   00007ff8249bae20 000001f56fa3cfe0    ..$.......o....
0x000000b15fdffa48:   00007ff8249bb000 0000000000000003   ...$............
0x000000b15fdffa58:   0000000000000000 0000000000000001   ................
0x000000b15fdffa68:   0000000000000001 000055c6fcdcaedf   .............U..
0x000000b15fdffa78:   0000000000000000 0000000000000000   ................
0x000000b15fdffa88:   000001f578213e40 0000000000000000   @>!x............
0x000000b15fdffa98:   0000000000000000 0000000000000003   ................
0x000000b15fdffaa8:   000001f578213e80 000001f5782c5e30   .>!x....0^,x....
0x000000b15fdffab8:   00007ff8248030b1 000001f56fb9c068   .0.$....h..o....

Instructions: (pc=0x00007ff823f2c9c8)
0x00007ff823f2c8c8:   8b 5c 24 30 48 8b c2 48 83 c4 20 5f c3 cc cc cc
0x00007ff823f2c8d8:   cc cc cc cc cc cc cc cc 48 8b 11 e9 08 f6 ff ff
0x00007ff823f2c8e8:   cc cc cc cc cc cc cc cc 4c 8b c1 ba 64 60 08 00
0x00007ff823f2c8f8:   48 8b 0d 61 b2 c8 00 e9 5c ea ff ff cc cc cc cc
0x00007ff823f2c908:   cc cc cc cc cc cc cc cc 48 8b 05 61 02 ce 00 48
0x00007ff823f2c918:   8b d1 48 23 c1 48 a9 00 f0 00 00 75 5d 48 8b 05
0x00007ff823f2c928:   44 02 ce 00 48 23 c1 48 a9 00 f0 00 00 75 43 0f
0x00007ff823f2c938:   b6 c2 24 30 3c 30 74 3a 48 c1 e9 0c 48 8d 05 f5
0x00007ff823f2c948:   c5 94 00 83 e1 0f 8b 0c 88 48 8b 05 e0 01 ce 00
0x00007ff823f2c958:   48 d3 ea 48 c1 e8 15 48 c1 ea 15 48 23 d0 48 8b
0x00007ff823f2c968:   05 c3 04 ce 00 48 8b 48 60 48 8b 04 d1 48 85 c0
0x00007ff823f2c978:   75 08 48 8b 05 b7 04 ce 00 c3 48 8b 05 a7 04 ce
0x00007ff823f2c988:   00 c3 cc cc cc cc cc cc 8b 05 a2 d6 c2 00 c3 cc
0x00007ff823f2c998:   cc cc cc cc cc cc cc cc 0f b6 05 b8 eb c2 00 48
0x00007ff823f2c9a8:   8b d1 84 c0 74 16 44 8b 41 08 8b 0d 80 d6 c2 00
0x00007ff823f2c9b8:   49 d3 e0 4c 03 05 6e d6 c2 00 eb 04 4c 8b 41 08
0x00007ff823f2c9c8:   45 8b 48 08 45 85 c9 7e 0e 41 f6 c1 01 75 53 41
0x00007ff823f2c9d8:   c1 f9 03 49 63 c1 c3 79 49 84 c0 41 b8 0c 00 00
0x00007ff823f2c9e8:   00 8b 05 b9 e7 c2 00 b9 10 00 00 00 41 0f 45 c8
0x00007ff823f2c9f8:   ff c8 4c 63 c0 41 8b c1 48 c1 f8 10 0f b6 c0 48
0x00007ff823f2ca08:   63 14 11 41 8b c9 83 e1 3f 48 d3 e2 49 8d 0c 10
0x00007ff823f2ca18:   49 f7 d0 48 03 c1 49 c1 e8 03 48 c1 e8 03 49 23
0x00007ff823f2ca28:   c0 c3 49 8b 00 49 8b c8 48 ff a0 00 01 00 00 cc
0x00007ff823f2ca38:   cc cc cc cc cc cc cc cc 8b 44 24 30 45 03 c9 44
0x00007ff823f2ca48:   2b 4c 24 28 83 c0 0b 44 03 ca 45 03 c8 41 03 c1
0x00007ff823f2ca58:   c3 cc cc cc cc cc cc cc 4c 8b c2 48 8b d1 45 8b
0x00007ff823f2ca68:   48 08 45 85 c9 7e 0e 41 f6 c1 01 75 56 41 c1 f9
0x00007ff823f2ca78:   03 49 63 c1 c3 79 4c 80 3d d9 ea c2 00 00 b8 0c
0x00007ff823f2ca88:   00 00 00 b9 10 00 00 00 0f 45 c8 8b 05 0f e7 c2
0x00007ff823f2ca98:   00 ff c8 4c 63 c0 41 8b c1 48 c1 f8 10 48 63 14
0x00007ff823f2caa8:   11 41 8b c9 83 e1 3f 0f b6 c0 48 d3 e2 49 8d 0c
0x00007ff823f2cab8:   10 49 f7 d0 48 03 c1 49 c1 e8 03 48 c1 e8 03 49


Stack slot to memory mapping:

stack at sp + 0 slots: 0x00007ff82460447e jvm.dll
stack at sp + 1 slots: 0x0000000082d5ac50 is an oop: java.util.HashMap$Node 
{0x0000000082d5ac50} - klass: 'java/util/HashMap$Node'
 - ---- fields (total size 4 words):
 - final 'hash' 'I' @12  22727705 (0x015acc19)
 - final 'key' 'Ljava/lang/Object;' @16  "/modules/jdk.localedata/sun/util/resources/ext/LocaleNames_he.class"{0x0000000082d5ac70} (0x82d5ac70)
 - 'value' 'Ljava/lang/Object;' @20  a 'jdk/internal/jimage/ImageReader$Resource'{0x0000000082d5ace0} (0x82d5ace0)
 - 'next' 'Ljava/util/HashMap$Node;' @24  null (0x00000000)
stack at sp + 2 slots: 0x0000000082b5fa24 is pointing into object: [Ljava.util.HashMap$Node; 
{0x0000000082b2c9b0} - klass: 'java/util/HashMap$Node'[]
 - length: 65536
stack at sp + 3 slots: 0x0000000082b2c9b0 is an oop: [Ljava.util.HashMap$Node; 
{0x0000000082b2c9b0} - klass: 'java/util/HashMap$Node'[]
 - length: 65536
stack at sp + 4 slots: 0x000001f50000d000 is at entry_point+3360 in (nmethod*)0x000001f50000bf90
Compiled method (c1) 4181873 5348       3       java.lang.String::join (281 bytes)
 total in heap  [0x000001f50000bf90,0x000001f50000e1b0] = 8736
 relocation     [0x000001f50000c0f0,0x000001f50000c2e0] = 496
 main code      [0x000001f50000c2e0,0x000001f50000d6f0] = 5136
 stub code      [0x000001f50000d6f0,0x000001f50000d750] = 96
 metadata       [0x000001f50000d750,0x000001f50000d780] = 48
 scopes data    [0x000001f50000d780,0x000001f50000dd00] = 1408
 scopes pcs     [0x000001f50000dd00,0x000001f50000e100] = 1024
 dependencies   [0x000001f50000e100,0x000001f50000e110] = 16
 nul chk table  [0x000001f50000e110,0x000001f50000e1b0] = 160
0x000001f50000cf9e:   49 b9 c0 f3 00 79 f5 01 00 00 41 ff 81 30 01 00
0x000001f50000cfae:   00 c1 e1 18 c1 f9 18 41 d3 f8 44 8b 8c 24 a4 00
0x000001f50000cfbe:   00 00 45 03 c1 8b b4 24 a0 00 00 00 ff c6 49 b9
0x000001f50000cfce:   68 1f 30 7b f5 01 00 00 41 8b b9 d0 00 00 00 83
0x000001f50000cfde:   c7 02 41 89 b9 d0 00 00 00 81 e7 fe 3f 00 00 85
0x000001f50000cfee:   ff 0f 84 31 06 00 00 4d 8b 97 58 04 00 00 41 85
0x000001f50000cffe:   02 49 b9 68 1f 30 7b f5 01 00 00 41 ff 81 88 05
0x000001f50000d00e:   00 00 e9 1b fd ff ff 49 8b f0 48 8b 9c 24 88 00
0x000001f50000d01e:   00 00 4c 8b 44 24 68 
stack at sp + 5 slots: 0x00000000828345e1 is pointing into object: java.util.HashMap$Node 
{0x00000000828345e0} - klass: 'java/util/HashMap$Node'
 - ---- fields (total size 4 words):
 - final 'hash' 'I' @12  -701314022 (0xd632cc1a)
 - final 'key' 'Ljava/lang/Object;' @16  "/modules/jdk.compiler/com/sun/source/tree/DoWhileLoopTree.class"{0x0000000082834600} (0x82834600)
 - 'value' 'Ljava/lang/Object;' @20  a 'jdk/internal/jimage/ImageReader$Resource'{0x0000000082834668} (0x82834668)
 - 'next' 'Ljava/util/HashMap$Node;' @24  null (0x00000000)
stack at sp + 6 slots: 0x00007ff82462c49b jvm.dll
stack at sp + 7 slots: 0x0 is null


---------------  P R O C E S S  ---------------

Threads class SMR info:
_java_thread_list=0x000001f55064ce00, length=38, elements={
0x000001f56d905950, 0x000001f56fa6bde0, 0x000001f56fa6d430, 0x000001f56fa70d10,
0x000001f56fa71970, 0x000001f56fa744e0, 0x000001f56fa74f40, 0x000001f56fa75d80,
0x000001f56fae6df0, 0x000001f57828e530, 0x000001f5782b7390, 0x000001f5784ea1c0,
0x000001f57837e5f0, 0x000001f578861410, 0x000001f578861a80, 0x000001f5788ba870,
0x000001f578497750, 0x000001f578499190, 0x000001f578496a30, 0x000001f5784963a0,
0x000001f57d850ac0, 0x000001f57d851150, 0x000001f57d84b570, 0x000001f57d84fda0,
0x000001f57d84a850, 0x000001f57d84e9f0, 0x000001f57d84aee0, 0x000001f57d84dcd0,
0x000001f57d84d640, 0x000001f5508f13e0, 0x000001f5508f62a0, 0x000001f5508f2790,
0x000001f5508f06c0, 0x000001f5508f5c10, 0x000001f5508f1a70, 0x000001f5508f2100,
0x000001f5508f2e20, 0x000001f5508f34b0
}

Java Threads: ( => current thread )
  0x000001f56d905950 JavaThread "main"                              [_thread_blocked, id=26380, stack(0x000000b15ee00000,0x000000b15ef00000) (1024K)]
  0x000001f56fa6bde0 JavaThread "Reference Handler"          daemon [_thread_blocked, id=564, stack(0x000000b15f200000,0x000000b15f300000) (1024K)]
  0x000001f56fa6d430 JavaThread "Finalizer"                  daemon [_thread_blocked, id=23356, stack(0x000000b15f300000,0x000000b15f400000) (1024K)]
  0x000001f56fa70d10 JavaThread "Signal Dispatcher"          daemon [_thread_blocked, id=15700, stack(0x000000b15f400000,0x000000b15f500000) (1024K)]
  0x000001f56fa71970 JavaThread "Attach Listener"            daemon [_thread_blocked, id=25060, stack(0x000000b15f500000,0x000000b15f600000) (1024K)]
  0x000001f56fa744e0 JavaThread "Service Thread"             daemon [_thread_blocked, id=24204, stack(0x000000b15f600000,0x000000b15f700000) (1024K)]
  0x000001f56fa74f40 JavaThread "Monitor Deflation Thread"   daemon [_thread_blocked, id=16760, stack(0x000000b15f700000,0x000000b15f800000) (1024K)]
  0x000001f56fa75d80 JavaThread "C2 CompilerThread0"         daemon [_thread_blocked, id=9972, stack(0x000000b15f800000,0x000000b15f900000) (1024K)]
  0x000001f56fae6df0 JavaThread "C1 CompilerThread0"         daemon [_thread_blocked, id=18468, stack(0x000000b15f900000,0x000000b15fa00000) (1024K)]
  0x000001f57828e530 JavaThread "Common-Cleaner"             daemon [_thread_blocked, id=19236, stack(0x000000b15fa00000,0x000000b15fb00000) (1024K)]
  0x000001f5782b7390 JavaThread "Notification Thread"        daemon [_thread_blocked, id=22664, stack(0x000000b15fb00000,0x000000b15fc00000) (1024K)]
  0x000001f5784ea1c0 JavaThread "Active Thread: Equinox Container: b5387f3c-288f-48d6-be82-4dd4b126aeb0"        [_thread_blocked, id=21872, stack(0x000000b15ff00000,0x000000b160000000) (1024K)]
  0x000001f57837e5f0 JavaThread "Refresh Thread: Equinox Container: b5387f3c-288f-48d6-be82-4dd4b126aeb0" daemon [_thread_blocked, id=20232, stack(0x000000b160000000,0x000000b160100000) (1024K)]
  0x000001f578861410 JavaThread "Framework Event Dispatcher: Equinox Container: b5387f3c-288f-48d6-be82-4dd4b126aeb0" daemon [_thread_blocked, id=1660, stack(0x000000b160100000,0x000000b160200000) (1024K)]
  0x000001f578861a80 JavaThread "Start Level: Equinox Container: b5387f3c-288f-48d6-be82-4dd4b126aeb0" daemon [_thread_blocked, id=15060, stack(0x000000b160200000,0x000000b160300000) (1024K)]
  0x000001f5788ba870 JavaThread "Bundle File Closer"         daemon [_thread_blocked, id=25988, stack(0x000000b160300000,0x000000b160400000) (1024K)]
  0x000001f578497750 JavaThread "SCR Component Actor"        daemon [_thread_blocked, id=20284, stack(0x000000b160400000,0x000000b160500000) (1024K)]
  0x000001f578499190 JavaThread "Worker-JM"                         [_thread_blocked, id=24540, stack(0x000000b160500000,0x000000b160600000) (1024K)]
  0x000001f578496a30 JavaThread "JNA Cleaner"                daemon [_thread_blocked, id=10036, stack(0x000000b160600000,0x000000b160700000) (1024K)]
  0x000001f5784963a0 JavaThread "Java indexing"              daemon [_thread_blocked, id=24148, stack(0x000000b160b00000,0x000000b160c00000) (1024K)]
  0x000001f57d850ac0 JavaThread "Thread-1"                   daemon [_thread_in_native, id=7192, stack(0x000000b160f00000,0x000000b161000000) (1024K)]
  0x000001f57d851150 JavaThread "Thread-2"                   daemon [_thread_in_native, id=16712, stack(0x000000b161000000,0x000000b161100000) (1024K)]
  0x000001f57d84b570 JavaThread "Thread-3"                   daemon [_thread_in_native, id=24304, stack(0x000000b161100000,0x000000b161200000) (1024K)]
  0x000001f57d84fda0 JavaThread "Thread-4"                   daemon [_thread_blocked, id=23764, stack(0x000000b161200000,0x000000b161300000) (1024K)]
  0x000001f57d84a850 JavaThread "Thread-5"                   daemon [_thread_in_native, id=22868, stack(0x000000b161300000,0x000000b161400000) (1024K)]
  0x000001f57d84e9f0 JavaThread "pool-2-thread-1"                   [_thread_blocked, id=23464, stack(0x000000b161400000,0x000000b161500000) (1024K)]
  0x000001f57d84aee0 JavaThread "WorkspaceEventsHandler"            [_thread_blocked, id=8376, stack(0x000000b161600000,0x000000b161700000) (1024K)]
  0x000001f57d84dcd0 JavaThread "pool-1-thread-1"                   [_thread_blocked, id=20768, stack(0x000000b161700000,0x000000b161800000) (1024K)]
  0x000001f57d84d640 JavaThread "Worker-7"                          [_thread_blocked, id=18464, stack(0x000000b160800000,0x000000b160900000) (1024K)]
  0x000001f5508f13e0 JavaThread "PatternSearchJob-worker-7"  daemon [_thread_blocked, id=26556, stack(0x000000b160e00000,0x000000b160f00000) (1024K)]
  0x000001f5508f62a0 JavaThread "Worker-9"                          [_thread_blocked, id=8372, stack(0x000000b161b00000,0x000000b161c00000) (1024K)]
  0x000001f5508f2790 JavaThread "ForkJoinPool.commonPool-worker-13" daemon [_thread_blocked, id=6544, stack(0x000000b15ec00000,0x000000b15ed00000) (1024K)]
  0x000001f5508f06c0 JavaThread "ForkJoinPool.commonPool-worker-14" daemon [_thread_blocked, id=16476, stack(0x000000b15ed00000,0x000000b15ee00000) (1024K)]
  0x000001f5508f5c10 JavaThread "Worker-10: Building"               [_thread_blocked, id=9560, stack(0x000000b160700000,0x000000b160800000) (1024K)]
  0x000001f5508f1a70 JavaThread "Compiler Source File Reader" daemon [_thread_blocked, id=8144, stack(0x000000b160900000,0x000000b160a00000) (1024K)]
  0x000001f5508f2100 JavaThread "ForkJoinPool.commonPool-worker-15" daemon [_thread_blocked, id=4932, stack(0x000000b160a00000,0x000000b160b00000) (1024K)]
  0x000001f5508f2e20 JavaThread "Compiler Processing Task"   daemon [_thread_blocked, id=15768, stack(0x000000b160c00000,0x000000b160d00000) (1024K)]
  0x000001f5508f34b0 JavaThread "Compiler Source File Reader" daemon [_thread_blocked, id=25496, stack(0x000000b160d00000,0x000000b160e00000) (1024K)]
Total: 38

Other Threads:
  0x000001f56fc41210 VMThread "VM Thread"                           [id=20324, stack(0x000000b15f100000,0x000000b15f200000) (1024K)]
  0x000001f56fbed280 WatcherThread "VM Periodic Task Thread"        [id=21240, stack(0x000000b15f000000,0x000000b15f100000) (1024K)]
  0x000001f56fba1320 WorkerThread "GC Thread#0"                     [id=8932, stack(0x000000b15ef00000,0x000000b15f000000) (1024K)]
  0x000001f5786a2530 WorkerThread "GC Thread#1"                     [id=25984, stack(0x000000b15fc00000,0x000000b15fd00000) (1024K)]
=>0x000001f5782c5e30 WorkerThread "GC Thread#2"                     [id=26036, stack(0x000000b15fd00000,0x000000b15fe00000) (1024K)]
  0x000001f5788e9010 WorkerThread "GC Thread#3"                     [id=24732, stack(0x000000b15fe00000,0x000000b15ff00000) (1024K)]
Total: 6

Threads with active compile tasks:
C2 CompilerThread0  4182005 19894       4       com.google.common.cache.LocalCache::get (21 bytes)
Total: 1

VM state: at safepoint (normal execution)

VM Mutex/Monitor currently owned by a thread:  ([mutex/lock_event])
[0x00007ff824bdf570] Threads_lock - owner thread: 0x000001f56fc41210
[0x00007ff824bdf670] Heap_lock - owner thread: 0x000001f5508f5c10

Heap address: 0x0000000080000000, size: 2048 MB, Compressed Oops mode: 32-bit

CDS archive(s) mapped at: [0x000001f50f000000-0x000001f50fba0000-0x000001f50fba0000), size 12189696, SharedBaseAddress: 0x000001f50f000000, ArchiveRelocationMode: 1.
Compressed class space mapped at: 0x000001f510000000-0x000001f550000000, reserved size: 1073741824
Narrow klass base: 0x000001f50f000000, Narrow klass shift: 0, Narrow klass range: 0x100000000

GC Precious Log:
 CardTable entry size: 512
 CPUs: 4 total, 4 available
 Memory: 8094M
 Large Page Support: Disabled
 NUMA Support: Disabled
 Compressed Oops: Enabled (32-bit)
 Alignments: Space 512K, Generation 512K, Heap 2M
 Heap Min Capacity: 100M
 Heap Initial Capacity: 100M
 Heap Max Capacity: 2G
 Pre-touch: Disabled
 Parallel Workers: 4

Heap:
 PSYoungGen      total 8704K, used 3006K [0x00000000d5580000, 0x00000000d6280000, 0x0000000100000000)
  eden space 6144K, 9% used [0x00000000d5580000,0x00000000d5614998,0x00000000d5b80000)
  from space 2560K, 94% used [0x00000000d5c00000,0x00000000d5e5b040,0x00000000d5e80000)
  to   space 3584K, 0% used [0x00000000d5f00000,0x00000000d5f00000,0x00000000d6280000)
 ParOldGen       total 1398272K, used 1397556K [0x0000000080000000, 0x00000000d5580000, 0x00000000d5580000)
  object space 1398272K, 99% used [0x0000000080000000,0x00000000d54cd200,0x00000000d5580000)
 Metaspace       used 87721K, committed 89536K, reserved 1179648K
  class space    used 9069K, committed 9856K, reserved 1048576K

Card table byte_map: [0x000001f56f530000,0x000001f56f940000] _byte_map_base: 0x000001f56f130000

Marking Bits: (ParMarkBitMap*) 0x00007ff824be4460
 Begin Bits: [0x000001f573040000, 0x000001f575040000)
 End Bits:   [0x000001f575040000, 0x000001f577040000)

Polling page: 0x000001f56da20000

Metaspace:

Usage:
  Non-class:     76.81 MB used.
      Class:      8.86 MB used.
       Both:     85.67 MB used.

Virtual space:
  Non-class space:      128.00 MB reserved,      77.81 MB ( 61%) committed,  2 nodes.
      Class space:        1.00 GB reserved,       9.62 MB ( <1%) committed,  1 nodes.
             Both:        1.12 GB reserved,      87.44 MB (  8%) committed. 

Chunk freelists:
   Non-Class:  2.06 MB
       Class:  6.41 MB
        Both:  8.48 MB

MaxMetaspaceSize: unlimited
CompressedClassSpaceSize: 1.00 GB
Initial GC threshold: 21.00 MB
Current GC threshold: 131.06 MB
CDS: on
 - commit_granule_bytes: 65536.
 - commit_granule_words: 8192.
 - virtual_space_node_default_size: 8388608.
 - enlarge_chunks_in_place: 1.
 - use_allocation_guard: 0.


Internal statistics:

num_allocs_failed_limit: 9.
num_arena_births: 1690.
num_arena_deaths: 14.
num_vsnodes_births: 3.
num_vsnodes_deaths: 0.
num_space_committed: 1399.
num_space_uncommitted: 0.
num_chunks_returned_to_freelist: 23.
num_chunks_taken_from_freelist: 5823.
num_chunk_merges: 14.
num_chunk_splits: 3556.
num_chunks_enlarged: 2007.
num_inconsistent_stats: 0.

CodeHeap 'non-profiled nmethods': size=120000Kb used=19812Kb max_used=19812Kb free=100187Kb
 bounds [0x000001f507ad0000, 0x000001f508e30000, 0x000001f50f000000]
CodeHeap 'profiled nmethods': size=120000Kb used=45364Kb max_used=45364Kb free=74635Kb
 bounds [0x000001f500000000, 0x000001f502c50000, 0x000001f507530000]
CodeHeap 'non-nmethods': size=5760Kb used=1503Kb max_used=1627Kb free=4256Kb
 bounds [0x000001f507530000, 0x000001f5077a0000, 0x000001f507ad0000]
CodeCache: size=245760Kb, used=66679Kb, max_used=66803Kb, free=179078Kb
 total_blobs=19155, nmethods=18328, adapters=731, full_count=0
Compilation: enabled, stopped_count=0, restarted_count=0

Compilation events (20 events):
Event: 4180.201 Thread 0x000001f56fae6df0 nmethod 19885 0x000001f508e28210 code [0x000001f508e283a0, 0x000001f508e28468]
Event: 4180.246 Thread 0x000001f56fae6df0 19886       3       java.util.stream.SortedOps$RefSortingSink::begin (48 bytes)
Event: 4180.246 Thread 0x000001f56fae6df0 nmethod 19886 0x000001f502c4a210 code [0x000001f502c4a400, 0x000001f502c4a938]
Event: 4180.246 Thread 0x000001f56fae6df0 19887       3       java.util.stream.SortedOps$RefSortingSink::end (126 bytes)
Event: 4180.247 Thread 0x000001f56fa75d80 19888       4       org.eclipse.jdt.internal.compiler.ASTVisitor::<init> (5 bytes)
Event: 4180.247 Thread 0x000001f56fa75d80 nmethod 19888 0x000001f508e28510 code [0x000001f508e286a0, 0x000001f508e28728]
Event: 4180.247 Thread 0x000001f56fae6df0 nmethod 19887 0x000001f502c4ab10 code [0x000001f502c4ae00, 0x000001f502c4c058]
Event: 4180.250 Thread 0x000001f56fa75d80 19889       4       org.eclipse.jdt.internal.compiler.lookup.MethodBinding::isPrivate (13 bytes)
Event: 4180.251 Thread 0x000001f56fa75d80 nmethod 19889 0x000001f508e28810 code [0x000001f508e289a0, 0x000001f508e28a38]
Event: 4180.255 Thread 0x000001f56fae6df0 19890       3       org.eclipse.aether.artifact.DefaultArtifactType::<init> (12 bytes)
Event: 4180.256 Thread 0x000001f56fae6df0 nmethod 19890 0x000001f502c4c610 code [0x000001f502c4c7c0, 0x000001f502c4c908]
Event: 4180.259 Thread 0x000001f56fae6df0 19891       3       org.apache.maven.artifact.DefaultArtifact::setBaseVersionInternal (9 bytes)
Event: 4180.260 Thread 0x000001f56fae6df0 nmethod 19891 0x000001f502c4ca10 code [0x000001f502c4cbc0, 0x000001f502c4cd20]
Event: 4180.260 Thread 0x000001f56fae6df0 19892       3       org.apache.maven.plugin.descriptor.MojoDescriptor::getParameters (12 bytes)
Event: 4180.260 Thread 0x000001f56fae6df0 nmethod 19892 0x000001f502c4ce10 code [0x000001f502c4cfc0, 0x000001f502c4d168]
Event: 4180.260 Thread 0x000001f56fa75d80 19893       4       com.google.common.cache.LocalCache::hash (14 bytes)
Event: 4180.262 Thread 0x000001f56fa75d80 nmethod 19893 0x000001f508e28b10 code [0x000001f508e28cc0, 0x000001f508e28ea8]
Event: 4180.262 Thread 0x000001f56fa75d80 19894       4       com.google.common.cache.LocalCache::get (21 bytes)
Event: 4180.263 Thread 0x000001f56fae6df0 19896       1       org.codehaus.plexus.util.DirectoryScanner::isSelected (2 bytes)
Event: 4180.263 Thread 0x000001f56fae6df0 nmethod 19896 0x000001f508e29010 code [0x000001f508e291a0, 0x000001f508e29268]

GC Heap History (20 events):
Event: 4174.897 GC heap after
{Heap after GC invocations=1020 (full 4):
 PSYoungGen      total 2560K, used 352K [0x00000000d5580000, 0x00000000d5900000, 0x0000000100000000)
  eden space 2048K, 0% used [0x00000000d5580000,0x00000000d5580000,0x00000000d5780000)
  from space 512K, 68% used [0x00000000d5880000,0x00000000d58d8000,0x00000000d5900000)
  to   space 512K, 0% used [0x00000000d5800000,0x00000000d5800000,0x00000000d5880000)
 ParOldGen       total 1350144K, used 1349749K [0x0000000080000000, 0x00000000d2680000, 0x00000000d5580000)
  object space 1350144K, 99% used [0x0000000080000000,0x00000000d261d4f8,0x00000000d2680000)
 Metaspace       used 87683K, committed 89536K, reserved 1179648K
  class space    used 9069K, committed 9856K, reserved 1048576K
}
Event: 4174.937 GC heap before
{Heap before GC invocations=1021 (full 4):
 PSYoungGen      total 2560K, used 2400K [0x00000000d5580000, 0x00000000d5900000, 0x0000000100000000)
  eden space 2048K, 100% used [0x00000000d5580000,0x00000000d5780000,0x00000000d5780000)
  from space 512K, 68% used [0x00000000d5880000,0x00000000d58d8000,0x00000000d5900000)
  to   space 512K, 0% used [0x00000000d5800000,0x00000000d5800000,0x00000000d5880000)
 ParOldGen       total 1350144K, used 1349749K [0x0000000080000000, 0x00000000d2680000, 0x00000000d5580000)
  object space 1350144K, 99% used [0x0000000080000000,0x00000000d261d4f8,0x00000000d2680000)
 Metaspace       used 87684K, committed 89536K, reserved 1179648K
  class space    used 9069K, committed 9856K, reserved 1048576K
}
Event: 4174.941 GC heap after
{Heap after GC invocations=1021 (full 4):
 PSYoungGen      total 3072K, used 128K [0x00000000d5580000, 0x00000000d5900000, 0x0000000100000000)
  eden space 2560K, 0% used [0x00000000d5580000,0x00000000d5580000,0x00000000d5800000)
  from space 512K, 25% used [0x00000000d5800000,0x00000000d5820000,0x00000000d5880000)
  to   space 512K, 0% used [0x00000000d5880000,0x00000000d5880000,0x00000000d5900000)
 ParOldGen       total 1350144K, used 1349973K [0x0000000080000000, 0x00000000d2680000, 0x00000000d5580000)
  object space 1350144K, 99% used [0x0000000080000000,0x00000000d26554f8,0x00000000d2680000)
 Metaspace       used 87684K, committed 89536K, reserved 1179648K
  class space    used 9069K, committed 9856K, reserved 1048576K
}
Event: 4180.131 GC heap before
{Heap before GC invocations=1022 (full 4):
 PSYoungGen      total 3072K, used 2418K [0x00000000d5580000, 0x00000000d5900000, 0x0000000100000000)
  eden space 2560K, 89% used [0x00000000d5580000,0x00000000d57bcbd0,0x00000000d5800000)
  from space 512K, 25% used [0x00000000d5800000,0x00000000d5820000,0x00000000d5880000)
  to   space 512K, 0% used [0x00000000d5880000,0x00000000d5880000,0x00000000d5900000)
 ParOldGen       total 1350144K, used 1349973K [0x0000000080000000, 0x00000000d2680000, 0x00000000d5580000)
  object space 1350144K, 99% used [0x0000000080000000,0x00000000d26554f8,0x00000000d2680000)
 Metaspace       used 87711K, committed 89536K, reserved 1179648K
  class space    used 9069K, committed 9856K, reserved 1048576K
}
Event: 4180.136 GC heap after
{Heap after GC invocations=1022 (full 4):
 PSYoungGen      total 3072K, used 128K [0x00000000d5580000, 0x00000000d5900000, 0x0000000100000000)
  eden space 2560K, 0% used [0x00000000d5580000,0x00000000d5580000,0x00000000d5800000)
  from space 512K, 25% used [0x00000000d5880000,0x00000000d58a0000,0x00000000d5900000)
  to   space 512K, 0% used [0x00000000d5800000,0x00000000d5800000,0x00000000d5880000)
 ParOldGen       total 1350144K, used 1350013K [0x0000000080000000, 0x00000000d2680000, 0x00000000d5580000)
  object space 1350144K, 99% used [0x0000000080000000,0x00000000d265f4f8,0x00000000d2680000)
 Metaspace       used 87711K, committed 89536K, reserved 1179648K
  class space    used 9069K, committed 9856K, reserved 1048576K
}
Event: 4180.140 GC heap before
{Heap before GC invocations=1023 (full 4):
 PSYoungGen      total 3072K, used 2688K [0x00000000d5580000, 0x00000000d5900000, 0x0000000100000000)
  eden space 2560K, 100% used [0x00000000d5580000,0x00000000d5800000,0x00000000d5800000)
  from space 512K, 25% used [0x00000000d5880000,0x00000000d58a0000,0x00000000d5900000)
  to   space 512K, 0% used [0x00000000d5800000,0x00000000d5800000,0x00000000d5880000)
 ParOldGen       total 1350144K, used 1350013K [0x0000000080000000, 0x00000000d2680000, 0x00000000d5580000)
  object space 1350144K, 99% used [0x0000000080000000,0x00000000d265f4f8,0x00000000d2680000)
 Metaspace       used 87711K, committed 89536K, reserved 1179648K
  class space    used 9069K, committed 9856K, reserved 1048576K
}
Event: 4180.144 GC heap after
{Heap after GC invocations=1023 (full 4):
 PSYoungGen      total 3072K, used 512K [0x00000000d5580000, 0x00000000d5e80000, 0x0000000100000000)
  eden space 2560K, 0% used [0x00000000d5580000,0x00000000d5580000,0x00000000d5800000)
  from space 512K, 100% used [0x00000000d5800000,0x00000000d5880000,0x00000000d5880000)
  to   space 3072K, 0% used [0x00000000d5b80000,0x00000000d5b80000,0x00000000d5e80000)
 ParOldGen       total 1352192K, used 1352109K [0x0000000080000000, 0x00000000d2880000, 0x00000000d5580000)
  object space 1352192K, 99% used [0x0000000080000000,0x00000000d286b7b8,0x00000000d2880000)
 Metaspace       used 87711K, committed 89536K, reserved 1179648K
  class space    used 9069K, committed 9856K, reserved 1048576K
}
Event: 4180.158 GC heap before
{Heap before GC invocations=1024 (full 4):
 PSYoungGen      total 3072K, used 3072K [0x00000000d5580000, 0x00000000d5e80000, 0x0000000100000000)
  eden space 2560K, 100% used [0x00000000d5580000,0x00000000d5800000,0x00000000d5800000)
  from space 512K, 100% used [0x00000000d5800000,0x00000000d5880000,0x00000000d5880000)
  to   space 3072K, 0% used [0x00000000d5b80000,0x00000000d5b80000,0x00000000d5e80000)
 ParOldGen       total 1352192K, used 1352109K [0x0000000080000000, 0x00000000d2880000, 0x00000000d5580000)
  object space 1352192K, 99% used [0x0000000080000000,0x00000000d286b7b8,0x00000000d2880000)
 Metaspace       used 87711K, committed 89536K, reserved 1179648K
  class space    used 9069K, committed 9856K, reserved 1048576K
}
Event: 4180.163 GC heap after
{Heap after GC invocations=1024 (full 4):
 PSYoungGen      total 5632K, used 2464K [0x00000000d5580000, 0x00000000d5e00000, 0x0000000100000000)
  eden space 3072K, 0% used [0x00000000d5580000,0x00000000d5580000,0x00000000d5880000)
  from space 2560K, 96% used [0x00000000d5b80000,0x00000000d5de8000,0x00000000d5e00000)
  to   space 2560K, 0% used [0x00000000d5900000,0x00000000d5900000,0x00000000d5b80000)
 ParOldGen       total 1352704K, used 1352637K [0x0000000080000000, 0x00000000d2900000, 0x00000000d5580000)
  object space 1352704K, 99% used [0x0000000080000000,0x00000000d28ef7b8,0x00000000d2900000)
 Metaspace       used 87711K, committed 89536K, reserved 1179648K
  class space    used 9069K, committed 9856K, reserved 1048576K
}
Event: 4180.179 GC heap before
{Heap before GC invocations=1025 (full 4):
 PSYoungGen      total 5632K, used 5536K [0x00000000d5580000, 0x00000000d5e00000, 0x0000000100000000)
  eden space 3072K, 100% used [0x00000000d5580000,0x00000000d5880000,0x00000000d5880000)
  from space 2560K, 96% used [0x00000000d5b80000,0x00000000d5de8000,0x00000000d5e00000)
  to   space 2560K, 0% used [0x00000000d5900000,0x00000000d5900000,0x00000000d5b80000)
 ParOldGen       total 1352704K, used 1352637K [0x0000000080000000, 0x00000000d2900000, 0x00000000d5580000)
  object space 1352704K, 99% used [0x0000000080000000,0x00000000d28ef7b8,0x00000000d2900000)
 Metaspace       used 87712K, committed 89536K, reserved 1179648K
  class space    used 9069K, committed 9856K, reserved 1048576K
}
Event: 4180.187 GC heap after
{Heap after GC invocations=1025 (full 4):
 PSYoungGen      total 6144K, used 2560K [0x00000000d5580000, 0x00000000d5f80000, 0x0000000100000000)
  eden space 3584K, 0% used [0x00000000d5580000,0x00000000d5580000,0x00000000d5900000)
  from space 2560K, 100% used [0x00000000d5900000,0x00000000d5b80000,0x00000000d5b80000)
  to   space 3072K, 0% used [0x00000000d5c80000,0x00000000d5c80000,0x00000000d5f80000)
 ParOldGen       total 1355264K, used 1355093K [0x0000000080000000, 0x00000000d2b80000, 0x00000000d5580000)
  object space 1355264K, 99% used [0x0000000080000000,0x00000000d2b557b8,0x00000000d2b80000)
 Metaspace       used 87712K, committed 89536K, reserved 1179648K
  class space    used 9069K, committed 9856K, reserved 1048576K
}
Event: 4180.202 GC heap before
{Heap before GC invocations=1026 (full 4):
 PSYoungGen      total 6144K, used 6095K [0x00000000d5580000, 0x00000000d5f80000, 0x0000000100000000)
  eden space 3584K, 98% used [0x00000000d5580000,0x00000000d58f3fd8,0x00000000d5900000)
  from space 2560K, 100% used [0x00000000d5900000,0x00000000d5b80000,0x00000000d5b80000)
  to   space 3072K, 0% used [0x00000000d5c80000,0x00000000d5c80000,0x00000000d5f80000)
 ParOldGen       total 1355264K, used 1355093K [0x0000000080000000, 0x00000000d2b80000, 0x00000000d5580000)
  object space 1355264K, 99% used [0x0000000080000000,0x00000000d2b557b8,0x00000000d2b80000)
 Metaspace       used 87719K, committed 89536K, reserved 1179648K
  class space    used 9069K, committed 9856K, reserved 1048576K
}
Event: 4180.208 GC heap after
{Heap after GC invocations=1026 (full 4):
 PSYoungGen      total 7168K, used 2938K [0x00000000d5580000, 0x00000000d6000000, 0x0000000100000000)
  eden space 4096K, 0% used [0x00000000d5580000,0x00000000d5580000,0x00000000d5980000)
  from space 3072K, 95% used [0x00000000d5c80000,0x00000000d5f5eb38,0x00000000d5f80000)
  to   space 3072K, 0% used [0x00000000d5980000,0x00000000d5980000,0x00000000d5c80000)
 ParOldGen       total 1357824K, used 1357621K [0x0000000080000000, 0x00000000d2e00000, 0x00000000d5580000)
  object space 1357824K, 99% used [0x0000000080000000,0x00000000d2dcd7b8,0x00000000d2e00000)
 Metaspace       used 87719K, committed 89536K, reserved 1179648K
  class space    used 9069K, committed 9856K, reserved 1048576K
}
Event: 4180.220 GC heap before
{Heap before GC invocations=1027 (full 4):
 PSYoungGen      total 7168K, used 6931K [0x00000000d5580000, 0x00000000d6000000, 0x0000000100000000)
  eden space 4096K, 97% used [0x00000000d5580000,0x00000000d5966498,0x00000000d5980000)
  from space 3072K, 95% used [0x00000000d5c80000,0x00000000d5f5eb38,0x00000000d5f80000)
  to   space 3072K, 0% used [0x00000000d5980000,0x00000000d5980000,0x00000000d5c80000)
 ParOldGen       total 1357824K, used 1357621K [0x0000000080000000, 0x00000000d2e00000, 0x00000000d5580000)
  object space 1357824K, 99% used [0x0000000080000000,0x00000000d2dcd7b8,0x00000000d2e00000)
 Metaspace       used 87719K, committed 89536K, reserved 1179648K
  class space    used 9069K, committed 9856K, reserved 1048576K
}
Event: 4180.227 GC heap after
{Heap after GC invocations=1027 (full 4):
 PSYoungGen      total 7168K, used 3067K [0x00000000d5580000, 0x00000000d6980000, 0x0000000100000000)
  eden space 4096K, 0% used [0x00000000d5580000,0x00000000d5580000,0x00000000d5980000)
  from space 3072K, 99% used [0x00000000d5980000,0x00000000d5c7ecd8,0x00000000d5c80000)
  to   space 7680K, 0% used [0x00000000d6200000,0x00000000d6200000,0x00000000d6980000)
 ParOldGen       total 1361920K, used 1361449K [0x0000000080000000, 0x00000000d3200000, 0x00000000d5580000)
  object space 1361920K, 99% used [0x0000000080000000,0x00000000d318a628,0x00000000d3200000)
 Metaspace       used 87719K, committed 89536K, reserved 1179648K
  class space    used 9069K, committed 9856K, reserved 1048576K
}
Event: 4180.237 GC heap before
{Heap before GC invocations=1028 (full 4):
 PSYoungGen      total 7168K, used 7163K [0x00000000d5580000, 0x00000000d6980000, 0x0000000100000000)
  eden space 4096K, 100% used [0x00000000d5580000,0x00000000d5980000,0x00000000d5980000)
  from space 3072K, 99% used [0x00000000d5980000,0x00000000d5c7ecd8,0x00000000d5c80000)
  to   space 7680K, 0% used [0x00000000d6200000,0x00000000d6200000,0x00000000d6980000)
 ParOldGen       total 1361920K, used 1361449K [0x0000000080000000, 0x00000000d3200000, 0x00000000d5580000)
  object space 1361920K, 99% used [0x0000000080000000,0x00000000d318a628,0x00000000d3200000)
 Metaspace       used 87719K, committed 89536K, reserved 1179648K
  class space    used 9069K, committed 9856K, reserved 1048576K
}
Event: 4180.244 GC heap after
{Heap after GC invocations=1028 (full 4):
 PSYoungGen      total 9216K, used 4068K [0x00000000d5580000, 0x00000000d6600000, 0x0000000100000000)
  eden space 5120K, 0% used [0x00000000d5580000,0x00000000d5580000,0x00000000d5a80000)
  from space 4096K, 99% used [0x00000000d6200000,0x00000000d65f92e8,0x00000000d6600000)
  to   space 5120K, 0% used [0x00000000d5c00000,0x00000000d5c00000,0x00000000d6100000)
 ParOldGen       total 1364480K, used 1364468K [0x0000000080000000, 0x00000000d3480000, 0x00000000d5580000)
  object space 1364480K, 99% used [0x0000000080000000,0x00000000d347d1d0,0x00000000d3480000)
 Metaspace       used 87719K, committed 89536K, reserved 1179648K
  class space    used 9069K, committed 9856K, reserved 1048576K
}
Event: 4180.289 GC heap before
{Heap before GC invocations=1029 (full 4):
 PSYoungGen      total 9216K, used 9188K [0x00000000d5580000, 0x00000000d6600000, 0x0000000100000000)
  eden space 5120K, 100% used [0x00000000d5580000,0x00000000d5a80000,0x00000000d5a80000)
  from space 4096K, 99% used [0x00000000d6200000,0x00000000d65f92e8,0x00000000d6600000)
  to   space 5120K, 0% used [0x00000000d5c00000,0x00000000d5c00000,0x00000000d6100000)
 ParOldGen       total 1384448K, used 1383668K [0x0000000080000000, 0x00000000d4800000, 0x00000000d5580000)
  object space 1384448K, 99% used [0x0000000080000000,0x00000000d473d1f0,0x00000000d4800000)
 Metaspace       used 87721K, committed 89536K, reserved 1179648K
  class space    used 9069K, committed 9856K, reserved 1048576K
}
Event: 4180.295 GC heap after
{Heap after GC invocations=1029 (full 4):
 PSYoungGen      total 8704K, used 2412K [0x00000000d5580000, 0x00000000d6280000, 0x0000000100000000)
  eden space 6144K, 0% used [0x00000000d5580000,0x00000000d5580000,0x00000000d5b80000)
  from space 2560K, 94% used [0x00000000d5c00000,0x00000000d5e5b040,0x00000000d5e80000)
  to   space 3584K, 0% used [0x00000000d5f00000,0x00000000d5f00000,0x00000000d6280000)
 ParOldGen       total 1386496K, used 1386036K [0x0000000080000000, 0x00000000d4a00000, 0x00000000d5580000)
  object space 1386496K, 99% used [0x0000000080000000,0x00000000d498d1f0,0x00000000d4a00000)
 Metaspace       used 87721K, committed 89536K, reserved 1179648K
  class space    used 9069K, committed 9856K, reserved 1048576K
}
Event: 4180.322 GC heap before
{Heap before GC invocations=1030 (full 5):
 PSYoungGen      total 8704K, used 3006K [0x00000000d5580000, 0x00000000d6280000, 0x0000000100000000)
  eden space 6144K, 9% used [0x00000000d5580000,0x00000000d5614998,0x00000000d5b80000)
  from space 2560K, 94% used [0x00000000d5c00000,0x00000000d5e5b040,0x00000000d5e80000)
  to   space 3584K, 0% used [0x00000000d5f00000,0x00000000d5f00000,0x00000000d6280000)
 ParOldGen       total 1398272K, used 1397556K [0x0000000080000000, 0x00000000d5580000, 0x00000000d5580000)
  object space 1398272K, 99% used [0x0000000080000000,0x00000000d54cd200,0x00000000d5580000)
 Metaspace       used 87721K, committed 89536K, reserved 1179648K
  class space    used 9069K, committed 9856K, reserved 1048576K
}

Dll operation events (12 events):
Event: 0.099 Loaded shared library c:\Users\fleypH\.cursor\extensions\redhat.java-1.55.0-win32-x64\jre\21.0.11-win32-x86_64\bin\java.dll
Event: 0.222 Loaded shared library c:\Users\fleypH\.cursor\extensions\redhat.java-1.55.0-win32-x64\jre\21.0.11-win32-x86_64\bin\zip.dll
Event: 0.250 Loaded shared library C:\Users\fleypH\.cursor\extensions\redhat.java-1.55.0-win32-x64\jre\21.0.11-win32-x86_64\bin\instrument.dll
Event: 0.257 Loaded shared library C:\Users\fleypH\.cursor\extensions\redhat.java-1.55.0-win32-x64\jre\21.0.11-win32-x86_64\bin\net.dll
Event: 0.261 Loaded shared library C:\Users\fleypH\.cursor\extensions\redhat.java-1.55.0-win32-x64\jre\21.0.11-win32-x86_64\bin\nio.dll
Event: 0.266 Loaded shared library C:\Users\fleypH\.cursor\extensions\redhat.java-1.55.0-win32-x64\jre\21.0.11-win32-x86_64\bin\zip.dll
Event: 0.299 Loaded shared library C:\Users\fleypH\.cursor\extensions\redhat.java-1.55.0-win32-x64\jre\21.0.11-win32-x86_64\bin\jimage.dll
Event: 0.480 Loaded shared library c:\Users\fleypH\.cursor\extensions\redhat.java-1.55.0-win32-x64\jre\21.0.11-win32-x86_64\bin\verify.dll
Event: 23.742 Loaded shared library C:\Users\fleypH\AppData\Roaming\Cursor\User\globalStorage\redhat.java\1.55.0\config_win\org.eclipse.equinox.launcher\org.eclipse.equinox.launcher.win32.win32.x86_64_1.3.100.v20260613-0559\eclipse_11924.dll
Event: 50.995 Loaded shared library C:\Users\fleypH\AppData\Local\Temp\jna--1271924910\jna3593287811503709841.dll
Event: 56.689 Loaded shared library C:\Users\fleypH\.cursor\extensions\redhat.java-1.55.0-win32-x64\jre\21.0.11-win32-x86_64\bin\sunmscapi.dll
Event: 60.851 Loaded shared library C:\Users\fleypH\.cursor\extensions\redhat.java-1.55.0-win32-x64\jre\21.0.11-win32-x86_64\bin\extnet.dll

Deoptimization events (20 events):
Event: 4168.596 Thread 0x000001f57d84d640 Uncommon trap: trap_request=0xffffff6e fr.pc=0x000001f508de3d0c relative=0x000000000000040c
Event: 4168.596 Thread 0x000001f57d84d640 Uncommon trap: reason=loop_limit_check action=maybe_recompile pc=0x000001f508de3d0c method=org.eclipse.jdt.internal.core.util.HashtableOfArrayToObject.rehash()V @ 50 c2
Event: 4168.596 Thread 0x000001f57d84d640 DEOPT PACKING pc=0x000001f508de3d0c sp=0x000000b1608fe660
Event: 4168.596 Thread 0x000001f57d84d640 DEOPT UNPACKING pc=0x000001f507583aa2 sp=0x000000b1608fe600 mode 2
Event: 4172.305 Thread 0x000001f5508f2790 Uncommon trap: trap_request=0xffffff45 fr.pc=0x000001f5088f5de4 relative=0x0000000000000584
Event: 4172.305 Thread 0x000001f5508f2790 Uncommon trap: reason=unstable_if action=reinterpret pc=0x000001f5088f5de4 method=com.google.gson.internal.GsonTypes.equals(Ljava/lang/reflect/Type;Ljava/lang/reflect/Type;)Z @ 11 c2
Event: 4172.305 Thread 0x000001f5508f2790 DEOPT PACKING pc=0x000001f5088f5de4 sp=0x000000b15ecfe290
Event: 4172.305 Thread 0x000001f5508f2790 DEOPT UNPACKING pc=0x000001f507583aa2 sp=0x000000b15ecfe1d8 mode 2
Event: 4172.305 Thread 0x000001f5508f2790 Uncommon trap: trap_request=0xffffff45 fr.pc=0x000001f5088f0b04 relative=0x0000000000000544
Event: 4172.305 Thread 0x000001f5508f2790 Uncommon trap: reason=unstable_if action=reinterpret pc=0x000001f5088f0b04 method=com.google.gson.internal.GsonTypes.equals(Ljava/lang/reflect/Type;Ljava/lang/reflect/Type;)Z @ 11 c2
Event: 4172.305 Thread 0x000001f5508f2790 DEOPT PACKING pc=0x000001f5088f0b04 sp=0x000000b15ecfe250
Event: 4172.305 Thread 0x000001f5508f2790 DEOPT UNPACKING pc=0x000001f507583aa2 sp=0x000000b15ecfe210 mode 2
Event: 4172.316 Thread 0x000001f5508f06c0 Uncommon trap: trap_request=0xffffffd6 fr.pc=0x000001f508de9f68 relative=0x0000000000004988
Event: 4172.316 Thread 0x000001f5508f06c0 Uncommon trap: reason=array_check action=maybe_recompile pc=0x000001f508de9f68 method=org.eclipse.jdt.internal.core.JavaProjectElementInfo.getProjectCache(Lorg/eclipse/jdt/internal/core/JavaProject;Z)Lorg/eclipse/jdt/internal/core/JavaProjectElementInfo$P
Event: 4172.316 Thread 0x000001f5508f06c0 DEOPT PACKING pc=0x000001f508de9f68 sp=0x000000b15edfe190
Event: 4172.316 Thread 0x000001f5508f06c0 DEOPT UNPACKING pc=0x000001f507583aa2 sp=0x000000b15edfe090 mode 2
Event: 4173.509 Thread 0x000001f57d84d640 Uncommon trap: trap_request=0xffffff45 fr.pc=0x000001f508cbe1f4 relative=0x0000000000000954
Event: 4173.509 Thread 0x000001f57d84d640 Uncommon trap: reason=unstable_if action=reinterpret pc=0x000001f508cbe1f4 method=org.eclipse.jdt.internal.compiler.lookup.SourceTypeBinding.syntheticMethods()[Lorg/eclipse/jdt/internal/compiler/lookup/SyntheticMethodBinding; @ 19 c2
Event: 4173.509 Thread 0x000001f57d84d640 DEOPT PACKING pc=0x000001f508cbe1f4 sp=0x000000b1608fe680
Event: 4173.509 Thread 0x000001f57d84d640 DEOPT UNPACKING pc=0x000001f507583aa2 sp=0x000000b1608fe650 mode 2

Classes loaded (20 events):
Event: 2526.369 Loading class java/nio/channels/CompletionHandler
Event: 2526.369 Loading class java/nio/channels/CompletionHandler done
Event: 2558.114 Loading class jdk/internal/module/IllegalAccessLogger
Event: 2558.114 Loading class jdk/internal/module/IllegalAccessLogger done
Event: 3512.408 Loading class jdk/internal/module/IllegalAccessLogger
Event: 3512.408 Loading class jdk/internal/module/IllegalAccessLogger done
Event: 3560.425 Loading class java/util/regex/Pattern$Behind
Event: 3560.425 Loading class java/util/regex/Pattern$Behind done
Event: 3560.426 Loading class java/util/regex/Pattern$Neg
Event: 3560.426 Loading class java/util/regex/Pattern$Neg done
Event: 3561.573 Loading class jdk/internal/module/IllegalAccessLogger
Event: 3561.573 Loading class jdk/internal/module/IllegalAccessLogger done
Event: 3565.759 Loading class jdk/internal/module/IllegalAccessLogger
Event: 3565.759 Loading class jdk/internal/module/IllegalAccessLogger done
Event: 3589.148 Loading class jdk/internal/module/IllegalAccessLogger
Event: 3589.148 Loading class jdk/internal/module/IllegalAccessLogger done
Event: 4173.055 Loading class jdk/internal/module/IllegalAccessLogger
Event: 4173.055 Loading class jdk/internal/module/IllegalAccessLogger done
Event: 4180.246 Loading class jdk/internal/module/IllegalAccessLogger
Event: 4180.246 Loading class jdk/internal/module/IllegalAccessLogger done

Classes unloaded (7 events):
Event: 52.965 Thread 0x000001f56fc41210 Unloading class 0x000001f5101a3800 'java/lang/invoke/LambdaForm$MH+0x000001f5101a3800'
Event: 52.965 Thread 0x000001f56fc41210 Unloading class 0x000001f5101a3400 'java/lang/invoke/LambdaForm$MH+0x000001f5101a3400'
Event: 52.965 Thread 0x000001f56fc41210 Unloading class 0x000001f5101a3000 'java/lang/invoke/LambdaForm$MH+0x000001f5101a3000'
Event: 52.965 Thread 0x000001f56fc41210 Unloading class 0x000001f5101a2c00 'java/lang/invoke/LambdaForm$MH+0x000001f5101a2c00'
Event: 52.965 Thread 0x000001f56fc41210 Unloading class 0x000001f5101a2800 'java/lang/invoke/LambdaForm$BMH+0x000001f5101a2800'
Event: 52.965 Thread 0x000001f56fc41210 Unloading class 0x000001f5101a2400 'java/lang/invoke/LambdaForm$DMH+0x000001f5101a2400'
Event: 52.965 Thread 0x000001f56fc41210 Unloading class 0x000001f5101a1000 'java/lang/invoke/LambdaForm$DMH+0x000001f5101a1000'

Classes redefined (0 events):
No events

Internal exceptions (20 events):
Event: 3551.761 Thread 0x000001f57d84e360 Exception <a 'java/lang/NoSuchMethodError'{0x00000000d57f3258}: 'java.lang.Object java.lang.invoke.DirectMethodHandle$Holder.invokeSpecial(java.lang.Object, java.lang.Object, java.lang.Object, java.lang.Object, java.lang.Object, int)'> (0x00000000d57f3258) 
thrown [s\src\hotspot\share\interpreter\linkResolver.cpp, line 773]
Event: 3551.761 Thread 0x000001f57d84e360 Exception <a 'java/lang/NoSuchMethodError'{0x00000000d57f7130}: 'java.lang.Object java.lang.invoke.Invokers$Holder.linkToTargetMethod(java.lang.Object, java.lang.Object, java.lang.Object, int, java.lang.Object)'> (0x00000000d57f7130) 
thrown [s\src\hotspot\share\interpreter\linkResolver.cpp, line 773]
Event: 3559.816 Thread 0x000001f57d84e360 Implicit null exception at 0x000001f507f0a52b to 0x000001f507f0b884
Event: 3560.328 Thread 0x000001f57d84e360 Exception <a 'java/lang/NoSuchMethodError'{0x00000000d572c630}: 'void java.lang.invoke.DirectMethodHandle$Holder.invokeSpecial(java.lang.Object, java.lang.Object, int)'> (0x00000000d572c630) 
thrown [s\src\hotspot\share\interpreter\linkResolver.cpp, line 773]
Event: 3560.451 Thread 0x000001f57d84e360 Implicit null exception at 0x000001f508bac923 to 0x000001f508bae608
Event: 3560.548 Thread 0x000001f57d84dcd0 Implicit null exception at 0x000001f508c417d4 to 0x000001f508c42250
Event: 3560.597 Thread 0x000001f5784963a0 Exception <a 'sun/nio/fs/WindowsException'{0x00000000d56ea2c0}> (0x00000000d56ea2c0) 
thrown [s\src\hotspot\share\prims\jni.cpp, line 520]
Event: 3560.917 Thread 0x000001f5784963a0 Exception <a 'sun/nio/fs/WindowsException'{0x00000000d5b19720}> (0x00000000d5b19720) 
thrown [s\src\hotspot\share\prims\jni.cpp, line 520]
Event: 3561.539 Thread 0x000001f5508f2100 Exception <a 'sun/nio/fs/WindowsException'{0x00000000d587c8b0}> (0x00000000d587c8b0) 
thrown [s\src\hotspot\share\prims\jni.cpp, line 520]
Event: 3564.456 Thread 0x000001f5784963a0 Exception <a 'sun/nio/fs/WindowsException'{0x00000000d598de08}> (0x00000000d598de08) 
thrown [s\src\hotspot\share\prims\jni.cpp, line 520]
Event: 3564.953 Thread 0x000001f5784963a0 Exception <a 'sun/nio/fs/WindowsException'{0x00000000d577a188}> (0x00000000d577a188) 
thrown [s\src\hotspot\share\prims\jni.cpp, line 520]
Event: 3565.716 Thread 0x000001f5508f62a0 Exception <a 'sun/nio/fs/WindowsException'{0x00000000d588ad60}> (0x00000000d588ad60) 
thrown [s\src\hotspot\share\prims\jni.cpp, line 520]
Event: 3588.979 Thread 0x000001f5784963a0 Exception <a 'sun/nio/fs/WindowsException'{0x00000000d56e9710}> (0x00000000d56e9710) 
thrown [s\src\hotspot\share\prims\jni.cpp, line 520]
Event: 3589.724 Thread 0x000001f5784963a0 Exception <a 'sun/nio/fs/WindowsException'{0x00000000d56cfd10}> (0x00000000d56cfd10) 
thrown [s\src\hotspot\share\prims\jni.cpp, line 520]
Event: 3812.206 Thread 0x000001f57d84d640 Exception <a 'sun/nio/fs/WindowsException'{0x00000000d5623eb0}> (0x00000000d5623eb0) 
thrown [s\src\hotspot\share\prims\jni.cpp, line 520]
Event: 3812.206 Thread 0x000001f57d84d640 Exception <a 'sun/nio/fs/WindowsException'{0x00000000d5624c38}> (0x00000000d5624c38) 
thrown [s\src\hotspot\share\prims\jni.cpp, line 520]
Event: 4170.277 Thread 0x000001f5784963a0 Exception <a 'sun/nio/fs/WindowsException'{0x00000000d5725780}> (0x00000000d5725780) 
thrown [s\src\hotspot\share\prims\jni.cpp, line 520]
Event: 4172.299 Thread 0x000001f5784963a0 Exception <a 'sun/nio/fs/WindowsException'{0x00000000d5591520}> (0x00000000d5591520) 
thrown [s\src\hotspot\share\prims\jni.cpp, line 520]
Event: 4173.509 Thread 0x000001f57d84d640 Implicit null exception at 0x000001f508cbd900 to 0x000001f508cbe1e4
Event: 4180.126 Thread 0x000001f5784963a0 Exception <a 'sun/nio/fs/WindowsException'{0x00000000d5737e18}> (0x00000000d5737e18) 
thrown [s\src\hotspot\share\prims\jni.cpp, line 520]

ZGC Phase Switch (0 events):
No events

VM Operations (20 events):
Event: 4174.897 Executing safepoint VM operation: ParallelGCFailedAllocation (Allocation Failure) done
Event: 4174.937 Executing safepoint VM operation: ParallelGCFailedAllocation (Allocation Failure)
Event: 4174.941 Executing safepoint VM operation: ParallelGCFailedAllocation (Allocation Failure) done
Event: 4180.131 Executing safepoint VM operation: ParallelGCFailedAllocation (Allocation Failure)
Event: 4180.136 Executing safepoint VM operation: ParallelGCFailedAllocation (Allocation Failure) done
Event: 4180.140 Executing safepoint VM operation: ParallelGCFailedAllocation (Allocation Failure)
Event: 4180.144 Executing safepoint VM operation: ParallelGCFailedAllocation (Allocation Failure) done
Event: 4180.158 Executing safepoint VM operation: ParallelGCFailedAllocation (Allocation Failure)
Event: 4180.163 Executing safepoint VM operation: ParallelGCFailedAllocation (Allocation Failure) done
Event: 4180.179 Executing safepoint VM operation: ParallelGCFailedAllocation (Allocation Failure)
Event: 4180.187 Executing safepoint VM operation: ParallelGCFailedAllocation (Allocation Failure) done
Event: 4180.202 Executing safepoint VM operation: ParallelGCFailedAllocation (Allocation Failure)
Event: 4180.208 Executing safepoint VM operation: ParallelGCFailedAllocation (Allocation Failure) done
Event: 4180.220 Executing safepoint VM operation: ParallelGCFailedAllocation (Allocation Failure)
Event: 4180.228 Executing safepoint VM operation: ParallelGCFailedAllocation (Allocation Failure) done
Event: 4180.237 Executing safepoint VM operation: ParallelGCFailedAllocation (Allocation Failure)
Event: 4180.244 Executing safepoint VM operation: ParallelGCFailedAllocation (Allocation Failure) done
Event: 4180.275 Executing safepoint VM operation: ParallelGCFailedAllocation (Allocation Failure)
Event: 4180.295 Executing safepoint VM operation: ParallelGCFailedAllocation (Allocation Failure) done
Event: 4180.307 Executing safepoint VM operation: ParallelGCFailedAllocation (Allocation Failure)

Memory protections (0 events):
No events

Nmethod flushes (20 events):
Event: 252.524 Thread 0x000001f56fc41210 flushing  nmethod 0x000001f500f2ed90
Event: 252.524 Thread 0x000001f56fc41210 flushing  nmethod 0x000001f500f2f910
Event: 252.524 Thread 0x000001f56fc41210 flushing  nmethod 0x000001f500f30990
Event: 252.524 Thread 0x000001f56fc41210 flushing  nmethod 0x000001f500f31210
Event: 252.524 Thread 0x000001f56fc41210 flushing  nmethod 0x000001f500f32790
Event: 252.524 Thread 0x000001f56fc41210 flushing  nmethod 0x000001f500f35910
Event: 252.524 Thread 0x000001f56fc41210 flushing  nmethod 0x000001f500f38b10
Event: 252.524 Thread 0x000001f56fc41210 flushing  nmethod 0x000001f500f38f90
Event: 252.524 Thread 0x000001f56fc41210 flushing  nmethod 0x000001f500f39a10
Event: 252.524 Thread 0x000001f56fc41210 flushing  nmethod 0x000001f500f39e10
Event: 252.524 Thread 0x000001f56fc41210 flushing  nmethod 0x000001f500f3a210
Event: 252.524 Thread 0x000001f56fc41210 flushing  nmethod 0x000001f500f3ab90
Event: 252.524 Thread 0x000001f56fc41210 flushing  nmethod 0x000001f500f3c090
Event: 252.524 Thread 0x000001f56fc41210 flushing  nmethod 0x000001f500f40310
Event: 252.524 Thread 0x000001f56fc41210 flushing  nmethod 0x000001f500f56990
Event: 252.524 Thread 0x000001f56fc41210 flushing  nmethod 0x000001f500f58310
Event: 252.524 Thread 0x000001f56fc41210 flushing  nmethod 0x000001f500f65d90
Event: 252.524 Thread 0x000001f56fc41210 flushing  nmethod 0x000001f500fa3510
Event: 252.524 Thread 0x000001f56fc41210 flushing  nmethod 0x000001f500fa6e90
Event: 252.524 Thread 0x000001f56fc41210 flushing  nmethod 0x000001f500fa7810

Events (20 events):
Event: 3649.206 Thread 0x000001f57d84e360 Thread exited: 0x000001f57d84e360
Event: 3649.907 Thread 0x000001f57d84c290 Thread exited: 0x000001f57d84c290
Event: 3649.907 Thread 0x000001f5508f2100 Thread exited: 0x000001f5508f2100
Event: 3744.091 Thread 0x000001f57d84cfb0 Thread exited: 0x000001f57d84cfb0
Event: 3804.099 Thread 0x000001f5508f2e20 Thread exited: 0x000001f5508f2e20
Event: 3812.207 Thread 0x000001f57d84d640 Thread added: 0x000001f5508f06c0
Event: 3812.207 Thread 0x000001f5508f06c0 Thread exited: 0x000001f5508f06c0
Event: 3812.212 Thread 0x000001f56fae6df0 Thread added: 0x000001f555518070
Event: 3817.446 Thread 0x000001f555518070 Thread exited: 0x000001f555518070
Event: 3864.187 Thread 0x000001f5508f41d0 Thread exited: 0x000001f5508f41d0
Event: 3865.727 Thread 0x000001f57d84f080 Thread exited: 0x000001f57d84f080
Event: 3889.126 Thread 0x000001f5508f5c10 Thread exited: 0x000001f5508f5c10
Event: 4164.190 Thread 0x000001f5508f1a70 Thread exited: 0x000001f5508f1a70
Event: 4167.945 Thread 0x000001f57d84dcd0 Thread added: 0x000001f5508f2790
Event: 4168.009 Thread 0x000001f5508f2790 Thread added: 0x000001f5508f06c0
Event: 4168.021 Thread 0x000001f5508f62a0 Thread added: 0x000001f5508f5c10
Event: 4168.174 Thread 0x000001f5508f62a0 Thread added: 0x000001f5508f1a70
Event: 4172.305 Thread 0x000001f57d84dcd0 Thread added: 0x000001f5508f2100
Event: 4173.055 Thread 0x000001f5508f62a0 Thread added: 0x000001f5508f2e20
Event: 4180.196 Thread 0x000001f5508f5c10 Thread added: 0x000001f5508f34b0


Dynamic libraries:
0x00007ff6442a0000 - 0x00007ff6442ae000 	c:\Users\fleypH\.cursor\extensions\redhat.java-1.55.0-win32-x64\jre\21.0.11-win32-x86_64\bin\java.exe
0x00007ff8a9a10000 - 0x00007ff8a9c08000 	C:\WINDOWS\SYSTEM32\ntdll.dll
0x00007ff8a85d0000 - 0x00007ff8a8692000 	C:\WINDOWS\System32\KERNEL32.DLL
0x00007ff8a74b0000 - 0x00007ff8a77a6000 	C:\WINDOWS\System32\KERNELBASE.dll
0x00007ff8a77b0000 - 0x00007ff8a78b0000 	C:\WINDOWS\System32\ucrtbase.dll
0x00007ff896540000 - 0x00007ff896558000 	c:\Users\fleypH\.cursor\extensions\redhat.java-1.55.0-win32-x64\jre\21.0.11-win32-x86_64\bin\jli.dll
0x00007ff8a8380000 - 0x00007ff8a8521000 	C:\WINDOWS\System32\USER32.dll
0x00007ff8a7a00000 - 0x00007ff8a7a22000 	C:\WINDOWS\System32\win32u.dll
0x00007ff8a7cc0000 - 0x00007ff8a7ceb000 	C:\WINDOWS\System32\GDI32.dll
0x00007ff8a78b0000 - 0x00007ff8a79c9000 	C:\WINDOWS\System32\gdi32full.dll
0x00007ff8a7380000 - 0x00007ff8a741d000 	C:\WINDOWS\System32\msvcp_win.dll
0x00007ff896520000 - 0x00007ff89653e000 	c:\Users\fleypH\.cursor\extensions\redhat.java-1.55.0-win32-x64\jre\21.0.11-win32-x86_64\bin\VCRUNTIME140.dll
0x00007ff890ed0000 - 0x00007ff89116b000 	C:\WINDOWS\WinSxS\amd64_microsoft.windows.common-controls_6595b64144ccf1df_6.0.19041.6456_none_60b8a6cb71f64256\COMCTL32.dll
0x00007ff8a7c20000 - 0x00007ff8a7cbe000 	C:\WINDOWS\System32\msvcrt.dll
0x00007ff8a9900000 - 0x00007ff8a992f000 	C:\WINDOWS\System32\IMM32.DLL
0x00007ff8962d0000 - 0x00007ff8962dc000 	c:\Users\fleypH\.cursor\extensions\redhat.java-1.55.0-win32-x64\jre\21.0.11-win32-x86_64\bin\vcruntime140_1.dll
0x00007ff8805b0000 - 0x00007ff88063d000 	c:\Users\fleypH\.cursor\extensions\redhat.java-1.55.0-win32-x64\jre\21.0.11-win32-x86_64\bin\msvcp140.dll
0x00007ff823f20000 - 0x00007ff824cc2000 	c:\Users\fleypH\.cursor\extensions\redhat.java-1.55.0-win32-x64\jre\21.0.11-win32-x86_64\bin\server\jvm.dll
0x00007ff8a9000000 - 0x00007ff8a90b1000 	C:\WINDOWS\System32\ADVAPI32.dll
0x00007ff8a9930000 - 0x00007ff8a99cf000 	C:\WINDOWS\System32\sechost.dll
0x00007ff8a81e0000 - 0x00007ff8a8300000 	C:\WINDOWS\System32\RPCRT4.dll
0x00007ff8a79d0000 - 0x00007ff8a79f7000 	C:\WINDOWS\System32\bcrypt.dll
0x00007ff8a7e10000 - 0x00007ff8a7e7b000 	C:\WINDOWS\System32\WS2_32.dll
0x00007ff8a6a40000 - 0x00007ff8a6a8b000 	C:\WINDOWS\SYSTEM32\POWRPROF.dll
0x00007ff88e3f0000 - 0x00007ff88e417000 	C:\WINDOWS\SYSTEM32\WINMM.dll
0x00007ff89fa80000 - 0x00007ff89fa8a000 	C:\WINDOWS\SYSTEM32\VERSION.dll
0x00007ff8a6a20000 - 0x00007ff8a6a32000 	C:\WINDOWS\SYSTEM32\UMPDC.dll
0x00007ff8a5090000 - 0x00007ff8a50a2000 	C:\WINDOWS\SYSTEM32\kernel.appcore.dll
0x00007ff8962c0000 - 0x00007ff8962ca000 	c:\Users\fleypH\.cursor\extensions\redhat.java-1.55.0-win32-x64\jre\21.0.11-win32-x86_64\bin\jimage.dll
0x00007ff88f470000 - 0x00007ff88f671000 	C:\WINDOWS\SYSTEM32\DBGHELP.DLL
0x00007ff88e9d0000 - 0x00007ff88ea04000 	C:\WINDOWS\SYSTEM32\dbgcore.DLL
0x00007ff8a7420000 - 0x00007ff8a74a2000 	C:\WINDOWS\System32\bcryptPrimitives.dll
0x00007ff892e80000 - 0x00007ff892e8f000 	c:\Users\fleypH\.cursor\extensions\redhat.java-1.55.0-win32-x64\jre\21.0.11-win32-x86_64\bin\instrument.dll
0x00007ff88f930000 - 0x00007ff88f950000 	c:\Users\fleypH\.cursor\extensions\redhat.java-1.55.0-win32-x64\jre\21.0.11-win32-x86_64\bin\java.dll
0x00007ff8a8750000 - 0x00007ff8a8ec0000 	C:\WINDOWS\System32\SHELL32.dll
0x00007ff8a50b0000 - 0x00007ff8a5855000 	C:\WINDOWS\SYSTEM32\windows.storage.dll
0x00007ff8a95a0000 - 0x00007ff8a98f4000 	C:\WINDOWS\System32\combase.dll
0x00007ff8a6980000 - 0x00007ff8a69ab000 	C:\WINDOWS\SYSTEM32\Wldp.dll
0x00007ff8a7a30000 - 0x00007ff8a7afd000 	C:\WINDOWS\System32\OLEAUT32.dll
0x00007ff8a8130000 - 0x00007ff8a81dd000 	C:\WINDOWS\System32\SHCORE.dll
0x00007ff8a7db0000 - 0x00007ff8a7e0b000 	C:\WINDOWS\System32\shlwapi.dll
0x00007ff8a6fd0000 - 0x00007ff8a6ff4000 	C:\WINDOWS\SYSTEM32\profapi.dll
0x00007ff88f850000 - 0x00007ff88f868000 	c:\Users\fleypH\.cursor\extensions\redhat.java-1.55.0-win32-x64\jre\21.0.11-win32-x86_64\bin\zip.dll
0x00007ff892e70000 - 0x00007ff892e80000 	C:\Users\fleypH\.cursor\extensions\redhat.java-1.55.0-win32-x64\jre\21.0.11-win32-x86_64\bin\net.dll
0x00007ff89e940000 - 0x00007ff89ea4a000 	C:\WINDOWS\SYSTEM32\WINHTTP.dll
0x00007ff8a66f0000 - 0x00007ff8a675a000 	C:\WINDOWS\system32\mswsock.dll
0x00007ff88f830000 - 0x00007ff88f846000 	C:\Users\fleypH\.cursor\extensions\redhat.java-1.55.0-win32-x64\jre\21.0.11-win32-x86_64\bin\nio.dll
0x00007ff892d30000 - 0x00007ff892d40000 	c:\Users\fleypH\.cursor\extensions\redhat.java-1.55.0-win32-x64\jre\21.0.11-win32-x86_64\bin\verify.dll
0x00007ff870cf0000 - 0x00007ff870d35000 	C:\Users\fleypH\AppData\Roaming\Cursor\User\globalStorage\redhat.java\1.55.0\config_win\org.eclipse.equinox.launcher\org.eclipse.equinox.launcher.win32.win32.x86_64_1.3.100.v20260613-0559\eclipse_11924.dll
0x00007ff8a8ec0000 - 0x00007ff8a8feb000 	C:\WINDOWS\System32\ole32.dll
0x00007ff8a6b90000 - 0x00007ff8a6ba8000 	C:\WINDOWS\SYSTEM32\CRYPTSP.dll
0x00007ff8a6030000 - 0x00007ff8a6068000 	C:\WINDOWS\system32\rsaenh.dll
0x00007ff8a6f90000 - 0x00007ff8a6fbe000 	C:\WINDOWS\SYSTEM32\USERENV.dll
0x00007ff8a6880000 - 0x00007ff8a688c000 	C:\WINDOWS\SYSTEM32\CRYPTBASE.dll
0x00007ff8a63f0000 - 0x00007ff8a642b000 	C:\WINDOWS\SYSTEM32\IPHLPAPI.DLL
0x00007ff8a8ff0000 - 0x00007ff8a8ff8000 	C:\WINDOWS\System32\NSI.dll
0x00007ff86fb90000 - 0x00007ff86fbd9000 	C:\Users\fleypH\AppData\Local\Temp\jna--1271924910\jna3593287811503709841.dll
0x00007ff8a9590000 - 0x00007ff8a9598000 	C:\WINDOWS\System32\PSAPI.DLL
0x00007ff89d270000 - 0x00007ff89d287000 	C:\WINDOWS\SYSTEM32\dhcpcsvc6.DLL
0x00007ff89d6f0000 - 0x00007ff89d70d000 	C:\WINDOWS\SYSTEM32\dhcpcsvc.DLL
0x00007ff892a70000 - 0x00007ff892a7e000 	C:\Users\fleypH\.cursor\extensions\redhat.java-1.55.0-win32-x64\jre\21.0.11-win32-x86_64\bin\sunmscapi.dll
0x00007ff8a70f0000 - 0x00007ff8a724d000 	C:\WINDOWS\System32\CRYPT32.dll
0x00007ff8a69f0000 - 0x00007ff8a6a17000 	C:\WINDOWS\SYSTEM32\ncrypt.dll
0x00007ff8a69b0000 - 0x00007ff8a69eb000 	C:\WINDOWS\SYSTEM32\NTASN1.dll
0x00007ff8a6430000 - 0x00007ff8a64fa000 	C:\WINDOWS\SYSTEM32\DNSAPI.dll
0x00007ff89d340000 - 0x00007ff89d34a000 	C:\Windows\System32\rasadhlp.dll
0x00007ff89d5a0000 - 0x00007ff89d620000 	C:\WINDOWS\System32\fwpuclnt.dll
0x00007ff88eda0000 - 0x00007ff88eda9000 	C:\Users\fleypH\.cursor\extensions\redhat.java-1.55.0-win32-x64\jre\21.0.11-win32-x86_64\bin\extnet.dll
0x00007ff8a6280000 - 0x00007ff8a62b3000 	C:\WINDOWS\SYSTEM32\ntmarta.dll

JVMTI agents:
c:\Users\fleypH\.cursor\extensions\redhat.java-1.55.0-win32-x64\lombok\lombok-1.18.39-4050.jar path:c:\Users\fleypH\.cursor\extensions\redhat.java-1.55.0-win32-x64\jre\21.0.11-win32-x86_64\bin\instrument.dll, loaded, initialized, instrumentlib options:none

dbghelp: loaded successfully - version: 4.0.5 - missing functions: none
symbol engine: initialized successfully - sym options: 0x614 - pdb path: .;c:\Users\fleypH\.cursor\extensions\redhat.java-1.55.0-win32-x64\jre\21.0.11-win32-x86_64\bin;C:\WINDOWS\SYSTEM32;C:\WINDOWS\WinSxS\amd64_microsoft.windows.common-controls_6595b64144ccf1df_6.0.19041.6456_none_60b8a6cb71f64256;c:\Users\fleypH\.cursor\extensions\redhat.java-1.55.0-win32-x64\jre\21.0.11-win32-x86_64\bin\server;C:\Users\fleypH\AppData\Roaming\Cursor\User\globalStorage\redhat.java\1.55.0\config_win\org.eclipse.equinox.launcher\org.eclipse.equinox.launcher.win32.win32.x86_64_1.3.100.v20260613-0559;C:\Users\fleypH\AppData\Local\Temp\jna--1271924910

VM Arguments:
jvm_args: --add-modules=ALL-SYSTEM --add-opens=java.base/java.util=ALL-UNNAMED --add-opens=java.base/java.lang=ALL-UNNAMED --add-opens=java.base/sun.nio.fs=ALL-UNNAMED -Declipse.application=org.eclipse.jdt.ls.core.id1 -Dosgi.bundles.defaultStartLevel=4 -Declipse.product=org.eclipse.jdt.ls.core.product -Djava.import.generatesMetadataFilesAtProjectRoot=false -DDetectVMInstallationsJob.disabled=true -Dfile.encoding=utf8 -XX:+UseParallelGC -XX:GCTimeRatio=4 -XX:AdaptiveSizePolicyWeight=90 -Dsun.zip.disableMemoryMapping=true -Xmx2G -Xms100m -Xlog:disable -javaagent:c:\Users\fleypH\.cursor\extensions\redhat.java-1.55.0-win32-x64\lombok\lombok-1.18.39-4050.jar -XX:+HeapDumpOnOutOfMemoryError -XX:HeapDumpPath=c:\Users\fleypH\AppData\Roaming\Cursor\User\workspaceStorage\477b96345430bbcc4e664d6077cfc926\redhat.java -Daether.dependencyCollector.impl=bf 
java_command: c:\Users\fleypH\.cursor\extensions\redhat.java-1.55.0-win32-x64\server\plugins\org.eclipse.equinox.launcher_1.7.200.v20260619-2039.jar -configuration c:\Users\fleypH\AppData\Roaming\Cursor\User\globalStorage\redhat.java\1.55.0\config_win -data c:\Users\fleypH\AppData\Roaming\Cursor\User\workspaceStorage\477b96345430bbcc4e664d6077cfc926\redhat.java\jdt_ws --pipe=\\.\pipe\lsp-be43b96fcb2d28dc1785d8d30dfd9105-sock
java_class_path (initial): c:\Users\fleypH\.cursor\extensions\redhat.java-1.55.0-win32-x64\server\plugins\org.eclipse.equinox.launcher_1.7.200.v20260619-2039.jar
Launcher Type: SUN_STANDARD

[Global flags]
    uintx AdaptiveSizePolicyWeight                 = 90                                        {product} {command line}
     intx CICompilerCount                          = 3                                         {product} {ergonomic}
    uintx GCTimeRatio                              = 4                                         {product} {command line}
     bool HeapDumpOnOutOfMemoryError               = true                                   {manageable} {command line}
    ccstr HeapDumpPath                             = c:\Users\fleypH\AppData\Roaming\Cursor\User\workspaceStorage\477b96345430bbcc4e664d6077cfc926\redhat.java         {manageable} {command line}
   size_t InitialHeapSize                          = 104857600                                 {product} {command line}
   size_t MaxHeapSize                              = 2147483648                                {product} {command line}
   size_t MaxNewSize                               = 715653120                                 {product} {ergonomic}
   size_t MinHeapDeltaBytes                        = 524288                                    {product} {ergonomic}
   size_t MinHeapSize                              = 104857600                                 {product} {command line}
   size_t NewSize                                  = 34603008                                  {product} {ergonomic}
    uintx NonNMethodCodeHeapSize                   = 5832780                                {pd product} {ergonomic}
    uintx NonProfiledCodeHeapSize                  = 122912730                              {pd product} {ergonomic}
   size_t OldSize                                  = 70254592                                  {product} {ergonomic}
    uintx ProfiledCodeHeapSize                     = 122912730                              {pd product} {ergonomic}
    uintx ReservedCodeCacheSize                    = 251658240                              {pd product} {ergonomic}
     bool SegmentedCodeCache                       = true                                      {product} {ergonomic}
   size_t SoftMaxHeapSize                          = 2147483648                             {manageable} {ergonomic}
     bool UseCompressedOops                        = true                           {product lp64_product} {ergonomic}
     bool UseLargePagesIndividualAllocation        = false                                  {pd product} {ergonomic}
     bool UseParallelGC                            = true                                      {product} {command line}

Logging:
Log output configuration:
 #0: stdout all=off uptime,level,tags foldmultilines=false
 #1: stderr all=off uptime,level,tags foldmultilines=false

Release file:
JAVA_VERSION="21.0.11" 
MODULES="java.base java.compiler java.datatransfer java.xml java.prefs java.desktop java.instrument java.logging java.management java.security.sasl java.naming java.rmi java.management.rmi java.net.http java.scripting java.security.jgss java.transaction.xa java.sql java.sql.rowset java.xml.crypto java.se java.smartcardio jdk.accessibility jdk.internal.jvmstat jdk.attach jdk.charsets jdk.internal.opt jdk.zipfs jdk.compiler jdk.crypto.ec jdk.crypto.cryptoki jdk.crypto.mscapi jdk.dynalink jdk.internal.ed jdk.editpad jdk.hotspot.agent jdk.httpserver jdk.internal.le jdk.internal.vm.ci jdk.internal.vm.compiler jdk.internal.vm.compiler.management jdk.jartool jdk.javadoc jdk.jcmd jdk.management jdk.management.agent jdk.jconsole jdk.jdeps jdk.jdwp.agent jdk.jdi jdk.jfr jdk.jshell jdk.jsobject jdk.jstatd jdk.localedata jdk.management.jfr jdk.naming.dns jdk.naming.rmi jdk.net jdk.nio.mapmode jdk.random jdk.sctp jdk.security.auth jdk.security.jgss jdk.unsupported jdk.unsupported.desktop jdk.xml.dom" 

Environment Variables:
PATH=C:\Program Files\Common Files\Oracle\Java\javapath;C:\Python313\Scripts\;C:\Python313\;C:\WINDOWS\system32;C:\WINDOWS;C:\WINDOWS\System32\Wbem;C:\WINDOWS\System32\WindowsPowerShell\v1.0\;C:\WINDOWS\System32\OpenSSH\;D:\Program files\;C:\ProgramData\chocolatey\bin;D:\Program files\node;D:\Program files;D:\SOFTWARES\VSCode-win32-x64-1.95.3\code;D:\SOFTWARES\VSCode-win32-x64-1.95.3;D:\Program files;C:\Program Files\Git\cmd;D:\R24\2.1\OOP\apache-maven-3.9.11-bin\apache-maven-3.9.11\bin;C:\Program Files\MySQL\MySQL Server 8.0\bin;C:\Program Files\cursor\resources\app\bin;C:\composer;C:\Users\fleypH\AppData\Roaming\Python\Python313\Scripts;C:\Program Files\PostgreSQL\18\bin;;C:\Program Files\Docker\Docker\resources\bin;E:\anaconda;E:\anaconda\Library\mingw-w64\bin;E:\anaconda\Library\usr\bin;E:\anaconda\Library\bin;E:\anaconda\Scripts;C:\Program Files\Common Files\Oracle\Java\javapath;C:\Python313\Scripts\;C:\Python313\;C:\WINDOWS\system32;C:\WINDOWS;C:\WINDOWS\System32\Wbem;C:\WINDOWS\System32\WindowsPowerShell\v1.0\;C:\WINDOWS\System32\OpenSSH\;D:\Program files\;C:\ProgramData\chocolatey\bin;D:\Program files\node;D:\Program files;D:\SOFTWARES\VSCode-win32-x64-1.95.3\code;D:\SOFTWARES\VSCode-win32-x64-1.95.3;D:\Program files;C:\Program Files\Git\cmd;D:\R24\2.1\OOP\apache-maven-3.9.11-bin\apache-maven-3.9.11\bin;C:\Program Files\MySQL\MySQL Server 8.0\bin;C:\Program Files\cursor\resources\app\bin;C:\Program Files\Common Files\Oracle\Java\javapath;C:\Python313\Scripts\;C:\Python313\;C:\WINDOWS\system32;C:\WINDOWS;C:\WINDOWS\System32\Wbem;C:\WINDOWS\System32\WindowsPowerShell\v1.0\;C:\WINDOWS\System32\OpenSSH\;D:\Program files\;C:\ProgramData\chocolatey\bin;D:\Program files\node;D:\Program files;D:\SOFTWARES\VSCode-win32-x64-1.95.3\code;D:\SOFTWARES\VSCode-win32-x64-1.95.3;D:\Program files;C:\Program Files\Git\cmd;D:\R24\2.1\OOP\apache-maven;C:\xampp\php;C:\Users\fleypH\AppData\Roaming\Composer\vendor\bin;C:\Program Files\PostgreSQL\16\bin\psql.exe;C:\Users\fleypH\AppData\Local\Programs\cursor\resources\app\bin
USERNAME=fleypH
OS=Windows_NT
PROCESSOR_IDENTIFIER=Intel64 Family 6 Model 142 Stepping 9, GenuineIntel
TMP=C:\Users\fleypH\AppData\Local\Temp
TEMP=C:\Users\fleypH\AppData\Local\Temp




Periodic native trim disabled

---------------  S Y S T E M  ---------------

OS:
 Windows 10 , 64 bit Build 19041 (10.0.19041.5915)
OS uptime: 10 days 14:30 hours
Hyper-V role detected

CPU: total 4 (initial active 4) (2 cores per cpu, 2 threads per core) family 6 model 142 stepping 9 microcode 0xec, cx8, cmov, fxsr, ht, mmx, 3dnowpref, sse, sse2, sse3, ssse3, sse4.1, sse4.2, popcnt, lzcnt, tsc, tscinvbit, avx, avx2, aes, erms, clmul, bmi1, bmi2, adx, fma, vzeroupper, clflush, clflushopt, hv, rdtscp, f16c
Processor Information for the first 4 processors :
  Max Mhz: 2901, Current Mhz: 2901, Mhz Limit: 2901

Memory: 4k page, system-wide physical 8094M (467M free)
TotalPageFile size 26995M (AvailPageFile size 14249M)
current process WorkingSet (physical memory assigned to process): 1197M, peak: 1207M
current process commit charge ("private bytes"): 1738M, peak: 1738M

vm_info: OpenJDK 64-Bit Server VM (21.0.11+10-LTS) for windows-amd64 JRE (21.0.11+10-LTS), built on 2026-04-21T00:00:00Z by "admin" with MS VC++ 17.12 (VS2022)

END.
